******************************************************************************
                  TI ARM Linker PC v20.2.6                     
******************************************************************************
>> Linked Wed Sep 28 19:17:43 2022

OUTPUT FILE NAME:   <Lab3.out>
ENTRY POINT SYMBOL: "_c_int00_noargs"  address: 00000a69


MEMORY CONFIGURATION

         name            origin    length      used     unused   attr    fill
----------------------  --------  ---------  --------  --------  ----  --------
  MAIN                  00000000   00040000  00000b2c  0003f4d4  R  X
  INFO                  00200000   00004000  00000000  00004000  R  X
  SRAM_CODE             01000000   00010000  00000248  0000fdb8  RW X
  SRAM_DATA             20000000   00010000  00000248  0000fdb8  RW  


SEGMENT ALLOCATION MAP

run origin  load origin   length   init length attrs members
----------  ----------- ---------- ----------- ----- -------
00000000    00000000    00000b2c   00000b2c    r-x
  00000000    00000000    000000e4   000000e4    r-- .intvecs
  000000e4    000000e4    000009fc   000009fc    r-x .text
  00000ae0    00000ae0    0000004c   0000004c    r-- .cinit
20000000    20000000    00000048   00000000    rw-
  20000000    20000000    00000048   00000000    rw- .data
2000fe00    2000fe00    00000200   00000000    rw-
  2000fe00    2000fe00    00000200   00000000    rw- .stack


SECTION ALLOCATION MAP

 output                                  attributes/
section   page    origin      length       input sections
--------  ----  ----------  ----------   ----------------
.intvecs   0    00000000    000000e4     
                  00000000    000000e4     startup_msp432p401r_ccs.obj (.intvecs:retain)

.text      0    000000e4    000009fc     
                  000000e4    000003c4     main.obj (.text)
                  000004a8    00000334     system_msp432p401r.obj (.text)
                  000007dc    000000fc     rtsv7M4_T_le_v4SPD16_eabi.lib : fd_mul_t2.asm.obj (.text)
                  000008d8    0000009c                                   : memcpy_t2.asm.obj (.text)
                  00000974    00000068                                   : copy_decompress_lzss.c.obj (.text:decompress:lzss:__TI_decompress_lzss)
                  000009dc    00000048                                   : fd_toi_t2.asm.obj (.text)
                  00000a24    00000044                                   : autoinit.c.obj (.text:__TI_auto_init_nobinit_nopinit:__TI_auto_init_nobinit_nopinit)
                  00000a68    00000034                                   : boot_cortex_m.c.obj (.text:_c_int00_noargs:_c_int00_noargs)
                  00000a9c    00000020                                   : u_tofd_t2.asm.obj (.text)
                  00000abc    0000000e                                   : copy_decompress_none.c.obj (.text:decompress:none:__TI_decompress_none)
                  00000aca    0000000e     startup_msp432p401r_ccs.obj (.text)
                  00000ad8    00000004     rtsv7M4_T_le_v4SPD16_eabi.lib : pre_init.c.obj (.text:_system_pre_init)
                  00000adc    00000004                                   : exit.c.obj (.text:abort:abort)

.cinit     0    00000ae0    0000004c     
                  00000ae0    00000039     (.cinit..data.load) [load image, compression = lzss]
                  00000b19    00000003     --HOLE-- [fill = 0]
                  00000b1c    00000008     (__TI_handler_table)
                  00000b24    00000008     (__TI_cinit_table)

.init_array 
*          0    00000000    00000000     UNINITIALIZED

.binit     0    00000000    00000000     

.data      0    20000000    00000048     UNINITIALIZED
                  20000000    00000028     main.obj (.data:sseg_table)
                  20000028    00000010     main.obj (.data:display)
                  20000038    0000000c     main.obj (.data)
                  20000044    00000004     system_msp432p401r.obj (.data)

.stack     0    2000fe00    00000200     UNINITIALIZED
                  2000fe00    00000004     rtsv7M4_T_le_v4SPD16_eabi.lib : boot_cortex_m.c.obj (.stack)
                  2000fe04    000001fc     --HOLE--

__llvm_prf_cnts 
*          0    20000000    00000000     UNINITIALIZED

MODULE SUMMARY

       Module                        code   ro data   rw data
       ------                        ----   -------   -------
    .\
       main.obj                      964    0         136    
       system_msp432p401r.obj        820    0         8      
       startup_msp432p401r_ccs.obj   14     228       0      
    +--+-----------------------------+------+---------+---------+
       Total:                        1798   228       144    
                                                             
    C:\ti\ccs1200\ccs\tools\compiler\ti-cgt-arm_20.2.6.LTS\lib\rtsv7M4_T_le_v4SPD16_eabi.lib
       fd_mul_t2.asm.obj             252    0         0      
       memcpy_t2.asm.obj             156    0         0      
       copy_decompress_lzss.c.obj    104    0         0      
       fd_toi_t2.asm.obj             72     0         0      
       autoinit.c.obj                68     0         0      
       boot_cortex_m.c.obj           52     0         0      
       u_tofd_t2.asm.obj             32     0         0      
       copy_decompress_none.c.obj    14     0         0      
       exit.c.obj                    4      0         0      
       pre_init.c.obj                4      0         0      
    +--+-----------------------------+------+---------+---------+
       Total:                        758    0         0      
                                                             
       Stack:                        0      0         1024   
       Linker Generated:             0      73        0      
    +--+-----------------------------+------+---------+---------+
       Grand Total:                  2556   301       1168   


LINKER GENERATED COPY TABLES

__TI_cinit_table @ 00000b24 records: 1, size/record: 8, table size: 8
	.data: load addr=00000ae0, load size=00000039 bytes, run addr=20000000, run size=00000048 bytes, compression=lzss


LINKER GENERATED HANDLER TABLE

__TI_handler_table @ 00000b1c records: 2, size/record: 4, table size: 8
	index: 0, handler: __TI_decompress_lzss
	index: 1, handler: __TI_decompress_none


GLOBAL SYMBOLS: SORTED ALPHABETICALLY BY Name 

address   name                          
-------   ----                          
00000ad7  ADC14_IRQHandler              
00000195  ADC_config                    
00000ad7  AES256_IRQHandler             
00000ad7  BusFault_Handler              
00000add  C$$EXIT                       
00000ad7  COMP_E0_IRQHandler            
00000ad7  COMP_E1_IRQHandler            
00000ad7  CS_IRQHandler                 
00000ad7  DMA_ERR_IRQHandler            
00000ad7  DMA_INT0_IRQHandler           
00000ad7  DMA_INT1_IRQHandler           
00000ad7  DMA_INT2_IRQHandler           
00000ad7  DMA_INT3_IRQHandler           
00000ad7  DebugMon_Handler              
00000ad7  Default_Handler               
00000ad7  EUSCIA0_IRQHandler            
00000ad7  EUSCIA1_IRQHandler            
00000ad7  EUSCIA2_IRQHandler            
00000ad7  EUSCIA3_IRQHandler            
00000ad7  EUSCIB0_IRQHandler            
00000ad7  EUSCIB1_IRQHandler            
00000ad7  EUSCIB2_IRQHandler            
00000ad7  EUSCIB3_IRQHandler            
00000ad7  FLCTL_IRQHandler              
00000ad7  FPU_IRQHandler                
000002e3  GPIO_init                     
00000ad7  HardFault_Handler             
00000ad7  MemManage_Handler             
00000ad7  NMI_Handler                   
00000ad7  PCM_IRQHandler                
00000ad7  PORT1_IRQHandler              
00000ad7  PORT2_IRQHandler              
00000ad7  PORT3_IRQHandler              
00000ad7  PORT4_IRQHandler              
00000ad7  PORT5_IRQHandler              
00000ad7  PORT6_IRQHandler              
00000ad7  PSS_IRQHandler                
00000ad7  PendSV_Handler                
00000ad7  RTC_C_IRQHandler              
00000acb  Reset_Handler                 
00000ad7  SVC_Handler                   
00000ad7  SysTick_Handler               
20000044  SystemCoreClock               
000004a9  SystemCoreClockUpdate         
00000721  SystemInit                    
00000ad7  T32_INT1_IRQHandler           
00000ad7  T32_INT2_IRQHandler           
00000ad7  T32_INTC_IRQHandler           
00000ad7  TA0_0_IRQHandler              
00000ad7  TA0_N_IRQHandler              
00000ad7  TA1_0_IRQHandler              
00000ad7  TA1_N_IRQHandler              
00000ad7  TA2_0_IRQHandler              
00000ad7  TA2_N_IRQHandler              
00000ad7  TA3_0_IRQHandler              
00000ad7  TA3_N_IRQHandler              
00000ad7  UsageFault_Handler            
4000480c  WDTCTL_SYM                    
00000ad7  WDT_A_IRQHandler              
20010000  __STACK_END                   
00000200  __STACK_SIZE                  
00000b24  __TI_CINIT_Base               
00000b2c  __TI_CINIT_Limit              
00000b1c  __TI_Handler_Table_Base       
00000b24  __TI_Handler_Table_Limit      
00000a25  __TI_auto_init_nobinit_nopinit
00000975  __TI_decompress_lzss          
00000abd  __TI_decompress_none          
ffffffff  __TI_pprof_out_hndl           
ffffffff  __TI_prof_data_size           
ffffffff  __TI_prof_data_start          
00000000  __TI_static_base__            
000009dd  __aeabi_d2iz                  
000007dd  __aeabi_dmul                  
000008d9  __aeabi_memcpy                
000008d9  __aeabi_memcpy4               
000008d9  __aeabi_memcpy8               
00000a9d  __aeabi_ui2d                  
ffffffff  __binit__                     
ffffffff  __c_args__                    
UNDEFED   __mpu_init                    
2000fe00  __stack                       
20000000  __start___llvm_prf_cnts       
20000000  __stop___llvm_prf_cnts        
00000a69  _c_int00_noargs               
UNDEFED   _system_post_cinit            
00000ad9  _system_pre_init              
00000add  abort                         
ffffffff  binit                         
000002f9  busy_wait                     
20000040  conversion_result             
0000034f  convert_ADC_result_to_Vin     
20000038  count                         
20000028  display                       
000003bb  display_ADC_result_to_Vin     
0000031d  get_ADC_conversion_result     
00000000  interruptVectors              
2000003c  k                             
000003f3  main                          
000008d9  memcpy                        
000000e5  simple_clock_init             
20000000  sseg_table                    


GLOBAL SYMBOLS: SORTED BY Symbol Address 

address   name                          
-------   ----                          
00000000  __TI_static_base__            
00000000  interruptVectors              
000000e5  simple_clock_init             
00000195  ADC_config                    
00000200  __STACK_SIZE                  
000002e3  GPIO_init                     
000002f9  busy_wait                     
0000031d  get_ADC_conversion_result     
0000034f  convert_ADC_result_to_Vin     
000003bb  display_ADC_result_to_Vin     
000003f3  main                          
000004a9  SystemCoreClockUpdate         
00000721  SystemInit                    
000007dd  __aeabi_dmul                  
000008d9  __aeabi_memcpy                
000008d9  __aeabi_memcpy4               
000008d9  __aeabi_memcpy8               
000008d9  memcpy                        
00000975  __TI_decompress_lzss          
000009dd  __aeabi_d2iz                  
00000a25  __TI_auto_init_nobinit_nopinit
00000a69  _c_int00_noargs               
00000a9d  __aeabi_ui2d                  
00000abd  __TI_decompress_none          
00000acb  Reset_Handler                 
00000ad7  ADC14_IRQHandler              
00000ad7  AES256_IRQHandler             
00000ad7  BusFault_Handler              
00000ad7  COMP_E0_IRQHandler            
00000ad7  COMP_E1_IRQHandler            
00000ad7  CS_IRQHandler                 
00000ad7  DMA_ERR_IRQHandler            
00000ad7  DMA_INT0_IRQHandler           
00000ad7  DMA_INT1_IRQHandler           
00000ad7  DMA_INT2_IRQHandler           
00000ad7  DMA_INT3_IRQHandler           
00000ad7  DebugMon_Handler              
00000ad7  Default_Handler               
00000ad7  EUSCIA0_IRQHandler            
00000ad7  EUSCIA1_IRQHandler            
00000ad7  EUSCIA2_IRQHandler            
00000ad7  EUSCIA3_IRQHandler            
00000ad7  EUSCIB0_IRQHandler            
00000ad7  EUSCIB1_IRQHandler            
00000ad7  EUSCIB2_IRQHandler            
00000ad7  EUSCIB3_IRQHandler            
00000ad7  FLCTL_IRQHandler              
00000ad7  FPU_IRQHandler                
00000ad7  HardFault_Handler             
00000ad7  MemManage_Handler             
00000ad7  NMI_Handler                   
00000ad7  PCM_IRQHandler                
00000ad7  PORT1_IRQHandler              
00000ad7  PORT2_IRQHandler              
00000ad7  PORT3_IRQHandler              
00000ad7  PORT4_IRQHandler              
00000ad7  PORT5_IRQHandler              
00000ad7  PORT6_IRQHandler              
00000ad7  PSS_IRQHandler                
00000ad7  PendSV_Handler                
00000ad7  RTC_C_IRQHandler              
00000ad7  SVC_Handler                   
00000ad7  SysTick_Handler               
00000ad7  T32_INT1_IRQHandler           
00000ad7  T32_INT2_IRQHandler           
00000ad7  T32_INTC_IRQHandler           
00000ad7  TA0_0_IRQHandler              
00000ad7  TA0_N_IRQHandler              
00000ad7  TA1_0_IRQHandler              
00000ad7  TA1_N_IRQHandler              
00000ad7  TA2_0_IRQHandler              
00000ad7  TA2_N_IRQHandler              
00000ad7  TA3_0_IRQHandler              
00000ad7  TA3_N_IRQHandler              
00000ad7  UsageFault_Handler            
00000ad7  WDT_A_IRQHandler              
00000ad9  _system_pre_init              
00000add  C$$EXIT                       
00000add  abort                         
00000b1c  __TI_Handler_Table_Base       
00000b24  __TI_CINIT_Base               
00000b24  __TI_Handler_Table_Limit      
00000b2c  __TI_CINIT_Limit              
20000000  __start___llvm_prf_cnts       
20000000  __stop___llvm_prf_cnts        
20000000  sseg_table                    
20000028  display                       
20000038  count                         
2000003c  k                             
20000040  conversion_result             
20000044  SystemCoreClock               
2000fe00  __stack                       
20010000  __STACK_END                   
4000480c  WDTCTL_SYM                    
ffffffff  __TI_pprof_out_hndl           
ffffffff  __TI_prof_data_size           
ffffffff  __TI_prof_data_start          
ffffffff  __binit__                     
ffffffff  __c_args__                    
ffffffff  binit                         
UNDEFED   __mpu_init                    
UNDEFED   _system_post_cinit            

[102 symbols]
